*****************************************************************
      SolidWorks Corporation - IGES Processor Status Report
*****************************************************************
=================================================================
一般資訊
=================================================================
傳送系統產品 I.D.  : F6901ZZ
接收系統產品 I.D.: F6901ZZ
檔案名稱                    : _cgs_temp_output.igs
傳送系統               : Creo Parametric by Parametric Technology Corporation
Preprocessor Version         : 2016360
檔案產生日期           : 20190723.111523
模型產生日期          : 20190723.111523
單位                        : INCH
模型空間比例            : 1
作者                       : SYSTEM
單位                 : Unknown


=================================================================
圖元處理資訊
=================================================================


=================================================================
Precision analysis of IGES file:
=================================================================
  Most prevalent number of significant digits:              13
  Highest number of significant digits:                     13
  Average number of significant digits:                10.3875
  與原點的最大距離:                          7.05443
  與原點的最小距離:                                0
  Effective number of significant digits:                   13


=================================================================
圖元摘要
=================================================================
-----------------------------------------------------------------
類型名稱                                         轉換的數量
---- ----                                         ----- ---------
100  Arc                                            538       538
102  Composite curve                                892       892
104  Conic arc                                      684       684
110  Line                                          2146      2146
120  Surface of revolution                          112       112
124  Transformation matrix                         1222      1222
126  Rational B-spline curve                       1018      1018
128  Rational B-spline surface                      286       286
142  Curve on a parametric surface                  446       446
144  Trimmed parametric surface                     398       398
314  Color definition                               114       114
402  Associativity instance                           1         1
406  Property                                         1         1
_________________________________________________________________


=================================================================
結果摘要
=================================================================
SolidWorks 特徵類型                數量
-----------------------                -----
實體特徵                       3
曲面特徵                     0
曲線/草圖特徵                0
--------------------------------------------
開始時間: 星期二, 七月 23, 2019 19:16:00
完成時間: 星期二, 七月 23, 2019 19:16:05
處理時間: 0 days, 00 hours, 00 mins, 05 secs
